09/18/2026, 14:25:45 || AutoAnimeBot [INFO] : 
                            Auto Anime Bot
                ©️ t.me/kAiF_00z (github.com/kaif-00z)
                        v0.1@stable.july (original)
                             (2023-25)
                        [All Rigths Reserved]

    
09/18/2026, 14:28:09 || AutoAnimeBot [INFO] : 
                            Auto Anime Bot
                ©️ t.me/kAiF_00z (github.com/kaif-00z)
                        v0.1@stable.july (original)
                             (2023-25)
                        [All Rigths Reserved]

    
09/18/2026, 14:30:06 || AutoAnimeBot [INFO] : 
                            Auto Anime Bot
                ©️ t.me/kAiF_00z (github.com/kaif-00z)
                        v0.1@stable.july (original)
                             (2023-25)
                        [All Rigths Reserved]

    
09/18/2026, 15:14:00 || AutoAnimeBot [INFO] : 
                            Auto Anime Bot
                ©️ t.me/kAiF_00z (github.com/kaif-00z)
                        v0.2 (original)
                             (2023-26)
                        [All Rigths Reserved]

    
09/18/2026, 15:14:14 || pyrogram.crypto.aes [INFO] : Using TgCrypto
